2026-03-28 04:34:43,346 | gateway.client | INFO | Calling detector at http://127.0.0.1:8001/detect
2026-03-28 04:34:44,717 | gateway.client | ERROR | Error calling detector service
Traceback (most recent call last):
  File "C:\Users\ASUS\Anaconda3\Lib\site-packages\urllib3\connectionpool.py", line 789, in urlopen
    response = self._make_request(
               ^^^^^^^^^^^^^^^^^^^
  File "C:\Users\ASUS\Anaconda3\Lib\site-packages\urllib3\connectionpool.py", line 536, in _make_request
    response = conn.getresponse()
               ^^^^^^^^^^^^^^^^^^
  File "C:\Users\ASUS\Anaconda3\Lib\site-packages\urllib3\connection.py", line 507, in getresponse
    httplib_response = super().getresponse()
                       ^^^^^^^^^^^^^^^^^^^^^
  File "C:\Users\ASUS\Anaconda3\Lib\http\client.py", line 1428, in getresponse
    response.begin()
  File "C:\Users\ASUS\Anaconda3\Lib\http\client.py", line 331, in begin
    version, status, reason = self._read_status()
                              ^^^^^^^^^^^^^^^^^^^
  File "C:\Users\ASUS\Anaconda3\Lib\http\client.py", line 292, in _read_status
    line = str(self.fp.readline(_MAXLINE + 1), "iso-8859-1")
               ^^^^^^^^^^^^^^^^^^^^^^^^^^^^^^
  File "C:\Users\ASUS\Anaconda3\Lib\socket.py", line 720, in readinto
    return self._sock.recv_into(b)
           ^^^^^^^^^^^^^^^^^^^^^^^
ConnectionResetError: [WinError 10054] An existing connection was forcibly closed by the remote host

During handling of the above exception, another exception occurred:

Traceback (most recent call last):
  File "C:\Users\ASUS\Anaconda3\Lib\site-packages\requests\adapters.py", line 486, in send
    resp = conn.urlopen(
           ^^^^^^^^^^^^^
  File "C:\Users\ASUS\Anaconda3\Lib\site-packages\urllib3\connectionpool.py", line 843, in urlopen
    retries = retries.increment(
              ^^^^^^^^^^^^^^^^^^
  File "C:\Users\ASUS\Anaconda3\Lib\site-packages\urllib3\util\retry.py", line 474, in increment
    raise reraise(type(error), error, _stacktrace)
          ^^^^^^^^^^^^^^^^^^^^^^^^^^^^^^^^^^^^^^^^
  File "C:\Users\ASUS\Anaconda3\Lib\site-packages\urllib3\util\util.py", line 38, in reraise
    raise value.with_traceback(tb)
  File "C:\Users\ASUS\Anaconda3\Lib\site-packages\urllib3\connectionpool.py", line 789, in urlopen
    response = self._make_request(
               ^^^^^^^^^^^^^^^^^^^
  File "C:\Users\ASUS\Anaconda3\Lib\site-packages\urllib3\connectionpool.py", line 536, in _make_request
    response = conn.getresponse()
               ^^^^^^^^^^^^^^^^^^
  File "C:\Users\ASUS\Anaconda3\Lib\site-packages\urllib3\connection.py", line 507, in getresponse
    httplib_response = super().getresponse()
                       ^^^^^^^^^^^^^^^^^^^^^
  File "C:\Users\ASUS\Anaconda3\Lib\http\client.py", line 1428, in getresponse
    response.begin()
  File "C:\Users\ASUS\Anaconda3\Lib\http\client.py", line 331, in begin
    version, status, reason = self._read_status()
                              ^^^^^^^^^^^^^^^^^^^
  File "C:\Users\ASUS\Anaconda3\Lib\http\client.py", line 292, in _read_status
    line = str(self.fp.readline(_MAXLINE + 1), "iso-8859-1")
               ^^^^^^^^^^^^^^^^^^^^^^^^^^^^^^
  File "C:\Users\ASUS\Anaconda3\Lib\socket.py", line 720, in readinto
    return self._sock.recv_into(b)
           ^^^^^^^^^^^^^^^^^^^^^^^
urllib3.exceptions.ProtocolError: ('Connection aborted.', ConnectionResetError(10054, 'An existing connection was forcibly closed by the remote host', None, 10054, None))

During handling of the above exception, another exception occurred:

Traceback (most recent call last):
  File "D:\infilect_test_project\retail-ai-pipeline-final draft\gateway\client.py", line 15, in call_detector
    response = requests.post(
               ^^^^^^^^^^^^^^
  File "C:\Users\ASUS\Anaconda3\Lib\site-packages\requests\api.py", line 115, in post
    return request("post", url, data=data, json=json, **kwargs)
           ^^^^^^^^^^^^^^^^^^^^^^^^^^^^^^^^^^^^^^^^^^^^^^^^^^^^
  File "C:\Users\ASUS\Anaconda3\Lib\site-packages\requests\api.py", line 59, in request
    return session.request(method=method, url=url, **kwargs)
           ^^^^^^^^^^^^^^^^^^^^^^^^^^^^^^^^^^^^^^^^^^^^^^^^^
  File "C:\Users\ASUS\Anaconda3\Lib\site-packages\requests\sessions.py", line 589, in request
    resp = self.send(prep, **send_kwargs)
           ^^^^^^^^^^^^^^^^^^^^^^^^^^^^^^
  File "C:\Users\ASUS\Anaconda3\Lib\site-packages\requests\sessions.py", line 703, in send
    r = adapter.send(request, **kwargs)
        ^^^^^^^^^^^^^^^^^^^^^^^^^^^^^^^
  File "C:\Users\ASUS\Anaconda3\Lib\site-packages\requests\adapters.py", line 501, in send
    raise ConnectionError(err, request=request)
requests.exceptions.ConnectionError: ('Connection aborted.', ConnectionResetError(10054, 'An existing connection was forcibly closed by the remote host', None, 10054, None))
2026-03-28 04:34:52,861 | gateway.client | INFO | Calling detector at http://127.0.0.1:8001/detect
2026-03-28 04:34:59,320 | gateway.client | INFO | Detector response: 200
2026-03-28 04:34:59,328 | gateway.client | INFO | Calling grouping at http://127.0.0.1:8002/group
2026-03-28 04:35:02,653 | gateway.client | INFO | Grouping response: 200
2026-03-28 04:47:11,015 | gateway.client | INFO | Calling detector at http://127.0.0.1:8001/detect
2026-03-28 04:47:15,045 | gateway.client | INFO | Calling detector at http://127.0.0.1:8001/detect
2026-03-28 04:47:26,052 | gateway.client | INFO | Calling detector at http://127.0.0.1:8001/detect
2026-03-28 04:47:29,255 | gateway.client | INFO | Detector response: 200
2026-03-28 04:47:29,263 | gateway.client | INFO | Calling grouping at http://127.0.0.1:8002/group
2026-03-28 04:47:32,886 | gateway.client | INFO | Detector response: 200
2026-03-28 04:47:32,902 | gateway.client | INFO | Calling grouping at http://127.0.0.1:8002/group
2026-03-28 04:47:33,390 | gateway.client | INFO | Grouping response: 200
2026-03-28 04:47:36,088 | gateway.client | INFO | Grouping response: 200
2026-03-28 04:50:22,203 | gateway.client | INFO | Calling detector at http://127.0.0.1:8001/detect
2026-03-28 04:50:27,644 | gateway.client | INFO | Detector response: 200
2026-03-28 04:50:27,652 | gateway.client | INFO | Calling grouping at http://127.0.0.1:8002/group
2026-03-28 04:50:30,198 | gateway.client | INFO | Grouping response: 200
2026-03-28 05:00:34,515 | gateway.client | INFO | Calling detector at http://127.0.0.1:8001/detect
2026-03-28 05:00:37,505 | gateway.client | INFO | Detector response: 200
2026-03-28 05:00:37,510 | gateway.client | INFO | Calling grouping at http://127.0.0.1:8002/group
2026-03-28 05:00:39,552 | gateway.client | ERROR | Error calling grouping service
Traceback (most recent call last):
  File "C:\Users\ASUS\Anaconda3\Lib\site-packages\urllib3\connection.py", line 199, in _new_conn
    sock = connection.create_connection(
           ^^^^^^^^^^^^^^^^^^^^^^^^^^^^^
  File "C:\Users\ASUS\Anaconda3\Lib\site-packages\urllib3\util\connection.py", line 85, in create_connection
    raise err
  File "C:\Users\ASUS\Anaconda3\Lib\site-packages\urllib3\util\connection.py", line 73, in create_connection
    sock.connect(sa)
ConnectionRefusedError: [WinError 10061] No connection could be made because the target machine actively refused it

The above exception was the direct cause of the following exception:

Traceback (most recent call last):
  File "C:\Users\ASUS\Anaconda3\Lib\site-packages\urllib3\connectionpool.py", line 789, in urlopen
    response = self._make_request(
               ^^^^^^^^^^^^^^^^^^^
  File "C:\Users\ASUS\Anaconda3\Lib\site-packages\urllib3\connectionpool.py", line 495, in _make_request
    conn.request(
  File "C:\Users\ASUS\Anaconda3\Lib\site-packages\urllib3\connection.py", line 441, in request
    self.endheaders()
  File "C:\Users\ASUS\Anaconda3\Lib\http\client.py", line 1331, in endheaders
    self._send_output(message_body, encode_chunked=encode_chunked)
  File "C:\Users\ASUS\Anaconda3\Lib\http\client.py", line 1091, in _send_output
    self.send(msg)
  File "C:\Users\ASUS\Anaconda3\Lib\http\client.py", line 1035, in send
    self.connect()
  File "C:\Users\ASUS\Anaconda3\Lib\site-packages\urllib3\connection.py", line 279, in connect
    self.sock = self._new_conn()
                ^^^^^^^^^^^^^^^^
  File "C:\Users\ASUS\Anaconda3\Lib\site-packages\urllib3\connection.py", line 214, in _new_conn
    raise NewConnectionError(
urllib3.exceptions.NewConnectionError: <urllib3.connection.HTTPConnection object at 0x000002D00A3F0800>: Failed to establish a new connection: [WinError 10061] No connection could be made because the target machine actively refused it

The above exception was the direct cause of the following exception:

Traceback (most recent call last):
  File "C:\Users\ASUS\Anaconda3\Lib\site-packages\requests\adapters.py", line 486, in send
    resp = conn.urlopen(
           ^^^^^^^^^^^^^
  File "C:\Users\ASUS\Anaconda3\Lib\site-packages\urllib3\connectionpool.py", line 843, in urlopen
    retries = retries.increment(
              ^^^^^^^^^^^^^^^^^^
  File "C:\Users\ASUS\Anaconda3\Lib\site-packages\urllib3\util\retry.py", line 519, in increment
    raise MaxRetryError(_pool, url, reason) from reason  # type: ignore[arg-type]
    ^^^^^^^^^^^^^^^^^^^^^^^^^^^^^^^^^^^^^^^^^^^^^^^^^^^
urllib3.exceptions.MaxRetryError: HTTPConnectionPool(host='127.0.0.1', port=8002): Max retries exceeded with url: /group (Caused by NewConnectionError('<urllib3.connection.HTTPConnection object at 0x000002D00A3F0800>: Failed to establish a new connection: [WinError 10061] No connection could be made because the target machine actively refused it'))

During handling of the above exception, another exception occurred:

Traceback (most recent call last):
  File "D:\infilect_test_project\retail-ai-pipeline-final draft\gateway\client.py", line 37, in call_grouping
    response = requests.post(
               ^^^^^^^^^^^^^^
  File "C:\Users\ASUS\Anaconda3\Lib\site-packages\requests\api.py", line 115, in post
    return request("post", url, data=data, json=json, **kwargs)
           ^^^^^^^^^^^^^^^^^^^^^^^^^^^^^^^^^^^^^^^^^^^^^^^^^^^^
  File "C:\Users\ASUS\Anaconda3\Lib\site-packages\requests\api.py", line 59, in request
    return session.request(method=method, url=url, **kwargs)
           ^^^^^^^^^^^^^^^^^^^^^^^^^^^^^^^^^^^^^^^^^^^^^^^^^
  File "C:\Users\ASUS\Anaconda3\Lib\site-packages\requests\sessions.py", line 589, in request
    resp = self.send(prep, **send_kwargs)
           ^^^^^^^^^^^^^^^^^^^^^^^^^^^^^^
  File "C:\Users\ASUS\Anaconda3\Lib\site-packages\requests\sessions.py", line 703, in send
    r = adapter.send(request, **kwargs)
        ^^^^^^^^^^^^^^^^^^^^^^^^^^^^^^^
  File "C:\Users\ASUS\Anaconda3\Lib\site-packages\requests\adapters.py", line 519, in send
    raise ConnectionError(e, request=request)
requests.exceptions.ConnectionError: HTTPConnectionPool(host='127.0.0.1', port=8002): Max retries exceeded with url: /group (Caused by NewConnectionError('<urllib3.connection.HTTPConnection object at 0x000002D00A3F0800>: Failed to establish a new connection: [WinError 10061] No connection could be made because the target machine actively refused it'))
2026-03-28 05:00:46,354 | gateway.client | INFO | Calling detector at http://127.0.0.1:8001/detect
2026-03-28 05:00:49,334 | gateway.client | INFO | Detector response: 200
2026-03-28 05:00:49,344 | gateway.client | INFO | Calling grouping at http://127.0.0.1:8002/group
2026-03-28 05:00:51,383 | gateway.client | ERROR | Error calling grouping service
Traceback (most recent call last):
  File "C:\Users\ASUS\Anaconda3\Lib\site-packages\urllib3\connection.py", line 199, in _new_conn
    sock = connection.create_connection(
           ^^^^^^^^^^^^^^^^^^^^^^^^^^^^^
  File "C:\Users\ASUS\Anaconda3\Lib\site-packages\urllib3\util\connection.py", line 85, in create_connection
    raise err
  File "C:\Users\ASUS\Anaconda3\Lib\site-packages\urllib3\util\connection.py", line 73, in create_connection
    sock.connect(sa)
ConnectionRefusedError: [WinError 10061] No connection could be made because the target machine actively refused it

The above exception was the direct cause of the following exception:

Traceback (most recent call last):
  File "C:\Users\ASUS\Anaconda3\Lib\site-packages\urllib3\connectionpool.py", line 789, in urlopen
    response = self._make_request(
               ^^^^^^^^^^^^^^^^^^^
  File "C:\Users\ASUS\Anaconda3\Lib\site-packages\urllib3\connectionpool.py", line 495, in _make_request
    conn.request(
  File "C:\Users\ASUS\Anaconda3\Lib\site-packages\urllib3\connection.py", line 441, in request
    self.endheaders()
  File "C:\Users\ASUS\Anaconda3\Lib\http\client.py", line 1331, in endheaders
    self._send_output(message_body, encode_chunked=encode_chunked)
  File "C:\Users\ASUS\Anaconda3\Lib\http\client.py", line 1091, in _send_output
    self.send(msg)
  File "C:\Users\ASUS\Anaconda3\Lib\http\client.py", line 1035, in send
    self.connect()
  File "C:\Users\ASUS\Anaconda3\Lib\site-packages\urllib3\connection.py", line 279, in connect
    self.sock = self._new_conn()
                ^^^^^^^^^^^^^^^^
  File "C:\Users\ASUS\Anaconda3\Lib\site-packages\urllib3\connection.py", line 214, in _new_conn
    raise NewConnectionError(
urllib3.exceptions.NewConnectionError: <urllib3.connection.HTTPConnection object at 0x000001F2254C2D20>: Failed to establish a new connection: [WinError 10061] No connection could be made because the target machine actively refused it

The above exception was the direct cause of the following exception:

Traceback (most recent call last):
  File "C:\Users\ASUS\Anaconda3\Lib\site-packages\requests\adapters.py", line 486, in send
    resp = conn.urlopen(
           ^^^^^^^^^^^^^
  File "C:\Users\ASUS\Anaconda3\Lib\site-packages\urllib3\connectionpool.py", line 843, in urlopen
    retries = retries.increment(
              ^^^^^^^^^^^^^^^^^^
  File "C:\Users\ASUS\Anaconda3\Lib\site-packages\urllib3\util\retry.py", line 519, in increment
    raise MaxRetryError(_pool, url, reason) from reason  # type: ignore[arg-type]
    ^^^^^^^^^^^^^^^^^^^^^^^^^^^^^^^^^^^^^^^^^^^^^^^^^^^
urllib3.exceptions.MaxRetryError: HTTPConnectionPool(host='127.0.0.1', port=8002): Max retries exceeded with url: /group (Caused by NewConnectionError('<urllib3.connection.HTTPConnection object at 0x000001F2254C2D20>: Failed to establish a new connection: [WinError 10061] No connection could be made because the target machine actively refused it'))

During handling of the above exception, another exception occurred:

Traceback (most recent call last):
  File "D:\infilect_test_project\retail-ai-pipeline-final draft\gateway\client.py", line 37, in call_grouping
    response = requests.post(
               ^^^^^^^^^^^^^^
  File "C:\Users\ASUS\Anaconda3\Lib\site-packages\requests\api.py", line 115, in post
    return request("post", url, data=data, json=json, **kwargs)
           ^^^^^^^^^^^^^^^^^^^^^^^^^^^^^^^^^^^^^^^^^^^^^^^^^^^^
  File "C:\Users\ASUS\Anaconda3\Lib\site-packages\requests\api.py", line 59, in request
    return session.request(method=method, url=url, **kwargs)
           ^^^^^^^^^^^^^^^^^^^^^^^^^^^^^^^^^^^^^^^^^^^^^^^^^
  File "C:\Users\ASUS\Anaconda3\Lib\site-packages\requests\sessions.py", line 589, in request
    resp = self.send(prep, **send_kwargs)
           ^^^^^^^^^^^^^^^^^^^^^^^^^^^^^^
  File "C:\Users\ASUS\Anaconda3\Lib\site-packages\requests\sessions.py", line 703, in send
    r = adapter.send(request, **kwargs)
        ^^^^^^^^^^^^^^^^^^^^^^^^^^^^^^^
  File "C:\Users\ASUS\Anaconda3\Lib\site-packages\requests\adapters.py", line 519, in send
    raise ConnectionError(e, request=request)
requests.exceptions.ConnectionError: HTTPConnectionPool(host='127.0.0.1', port=8002): Max retries exceeded with url: /group (Caused by NewConnectionError('<urllib3.connection.HTTPConnection object at 0x000001F2254C2D20>: Failed to establish a new connection: [WinError 10061] No connection could be made because the target machine actively refused it'))
2026-03-28 05:01:59,831 | gateway.client | INFO | Calling detector at http://127.0.0.1:8001/detect
2026-03-28 05:02:02,823 | gateway.client | INFO | Detector response: 200
2026-03-28 05:02:02,828 | gateway.client | INFO | Calling grouping at http://127.0.0.1:8002/group
2026-03-28 05:02:04,869 | gateway.client | ERROR | Error calling grouping service
Traceback (most recent call last):
  File "C:\Users\ASUS\Anaconda3\Lib\site-packages\urllib3\connection.py", line 199, in _new_conn
    sock = connection.create_connection(
           ^^^^^^^^^^^^^^^^^^^^^^^^^^^^^
  File "C:\Users\ASUS\Anaconda3\Lib\site-packages\urllib3\util\connection.py", line 85, in create_connection
    raise err
  File "C:\Users\ASUS\Anaconda3\Lib\site-packages\urllib3\util\connection.py", line 73, in create_connection
    sock.connect(sa)
ConnectionRefusedError: [WinError 10061] No connection could be made because the target machine actively refused it

The above exception was the direct cause of the following exception:

Traceback (most recent call last):
  File "C:\Users\ASUS\Anaconda3\Lib\site-packages\urllib3\connectionpool.py", line 789, in urlopen
    response = self._make_request(
               ^^^^^^^^^^^^^^^^^^^
  File "C:\Users\ASUS\Anaconda3\Lib\site-packages\urllib3\connectionpool.py", line 495, in _make_request
    conn.request(
  File "C:\Users\ASUS\Anaconda3\Lib\site-packages\urllib3\connection.py", line 441, in request
    self.endheaders()
  File "C:\Users\ASUS\Anaconda3\Lib\http\client.py", line 1331, in endheaders
    self._send_output(message_body, encode_chunked=encode_chunked)
  File "C:\Users\ASUS\Anaconda3\Lib\http\client.py", line 1091, in _send_output
    self.send(msg)
  File "C:\Users\ASUS\Anaconda3\Lib\http\client.py", line 1035, in send
    self.connect()
  File "C:\Users\ASUS\Anaconda3\Lib\site-packages\urllib3\connection.py", line 279, in connect
    self.sock = self._new_conn()
                ^^^^^^^^^^^^^^^^
  File "C:\Users\ASUS\Anaconda3\Lib\site-packages\urllib3\connection.py", line 214, in _new_conn
    raise NewConnectionError(
urllib3.exceptions.NewConnectionError: <urllib3.connection.HTTPConnection object at 0x00000273550847A0>: Failed to establish a new connection: [WinError 10061] No connection could be made because the target machine actively refused it

The above exception was the direct cause of the following exception:

Traceback (most recent call last):
  File "C:\Users\ASUS\Anaconda3\Lib\site-packages\requests\adapters.py", line 486, in send
    resp = conn.urlopen(
           ^^^^^^^^^^^^^
  File "C:\Users\ASUS\Anaconda3\Lib\site-packages\urllib3\connectionpool.py", line 843, in urlopen
    retries = retries.increment(
              ^^^^^^^^^^^^^^^^^^
  File "C:\Users\ASUS\Anaconda3\Lib\site-packages\urllib3\util\retry.py", line 519, in increment
    raise MaxRetryError(_pool, url, reason) from reason  # type: ignore[arg-type]
    ^^^^^^^^^^^^^^^^^^^^^^^^^^^^^^^^^^^^^^^^^^^^^^^^^^^
urllib3.exceptions.MaxRetryError: HTTPConnectionPool(host='127.0.0.1', port=8002): Max retries exceeded with url: /group (Caused by NewConnectionError('<urllib3.connection.HTTPConnection object at 0x00000273550847A0>: Failed to establish a new connection: [WinError 10061] No connection could be made because the target machine actively refused it'))

During handling of the above exception, another exception occurred:

Traceback (most recent call last):
  File "D:\infilect_test_project\retail-ai-pipeline-final draft\gateway\client.py", line 37, in call_grouping
    response = requests.post(
               ^^^^^^^^^^^^^^
  File "C:\Users\ASUS\Anaconda3\Lib\site-packages\requests\api.py", line 115, in post
    return request("post", url, data=data, json=json, **kwargs)
           ^^^^^^^^^^^^^^^^^^^^^^^^^^^^^^^^^^^^^^^^^^^^^^^^^^^^
  File "C:\Users\ASUS\Anaconda3\Lib\site-packages\requests\api.py", line 59, in request
    return session.request(method=method, url=url, **kwargs)
           ^^^^^^^^^^^^^^^^^^^^^^^^^^^^^^^^^^^^^^^^^^^^^^^^^
  File "C:\Users\ASUS\Anaconda3\Lib\site-packages\requests\sessions.py", line 589, in request
    resp = self.send(prep, **send_kwargs)
           ^^^^^^^^^^^^^^^^^^^^^^^^^^^^^^
  File "C:\Users\ASUS\Anaconda3\Lib\site-packages\requests\sessions.py", line 703, in send
    r = adapter.send(request, **kwargs)
        ^^^^^^^^^^^^^^^^^^^^^^^^^^^^^^^
  File "C:\Users\ASUS\Anaconda3\Lib\site-packages\requests\adapters.py", line 519, in send
    raise ConnectionError(e, request=request)
requests.exceptions.ConnectionError: HTTPConnectionPool(host='127.0.0.1', port=8002): Max retries exceeded with url: /group (Caused by NewConnectionError('<urllib3.connection.HTTPConnection object at 0x00000273550847A0>: Failed to establish a new connection: [WinError 10061] No connection could be made because the target machine actively refused it'))
2026-03-28 05:06:20,222 | gateway.client | INFO | Calling detector at http://127.0.0.1:8001/detect
2026-03-28 05:06:23,280 | gateway.client | INFO | Detector response: 200
2026-03-28 05:06:23,290 | gateway.client | INFO | Calling grouping at http://127.0.0.1:8002/group
2026-03-28 05:06:23,391 | gateway.client | INFO | Grouping response: 500
2026-03-28 05:06:23,391 | gateway.client | ERROR | Grouping service failed: 500 {
  "error": "group_products() missing 2 required positional arguments: 'boxes' and 'image_shape'"
}

2026-03-28 05:06:23,391 | gateway.client | ERROR | Error calling grouping service
Traceback (most recent call last):
  File "D:\infilect_test_project\retail-ai-pipeline-final draft\gateway\client.py", line 47, in call_grouping
    raise Exception("Grouping service failed")
Exception: Grouping service failed
2026-03-28 05:09:19,130 | gateway.client | INFO | Calling detector at http://127.0.0.1:8001/detect
2026-03-28 05:09:22,175 | gateway.client | INFO | Detector response: 200
2026-03-28 05:09:22,182 | gateway.client | INFO | Calling grouping at http://127.0.0.1:8002/group
2026-03-28 05:09:23,917 | gateway.client | INFO | Grouping response: 200
2026-03-28 05:26:29,984 | gateway.client | INFO | Calling detector at http://127.0.0.1:8001/detect
2026-03-28 05:26:33,040 | gateway.client | INFO | Detector response: 200
2026-03-28 05:26:33,047 | gateway.client | INFO | Calling grouping at http://127.0.0.1:8002/group
2026-03-28 05:26:34,765 | gateway.client | INFO | Grouping response: 200
