2026-03-28 03:49:25,318 | grouping_service | INFO | Starting Grouping Service on port 8002
2026-03-28 03:49:33,610 | grouping_service | INFO | Starting Grouping Service on port 8002
2026-03-28 04:34:19,433 | grouping_service | INFO | Starting Grouping Service on port 8002
2026-03-28 04:34:27,710 | grouping_service | INFO | Starting Grouping Service on port 8002
2026-03-28 04:34:53,506 | grouping_service | INFO | Starting Grouping Service on port 8002
2026-03-28 04:34:59,342 | grouping_service | INFO | /group request received
2026-03-28 04:35:02,546 | grouping_service | INFO | Grouping completed: 124 labels
2026-03-28 04:35:02,646 | grouping_service | INFO | Saved output image: result_e4b811d6-5b61-46b5-96c3-cb3c993cf292.jpg (request_id=e4b811d6-5b61-46b5-96c3-cb3c993cf292)
2026-03-28 04:38:08,396 | grouping_service | INFO | Starting Grouping Service on port 8002
2026-03-28 04:46:46,494 | grouping_service | INFO | Starting Grouping Service on port 8002
2026-03-28 04:47:02,756 | grouping_service | INFO | Starting Grouping Service on port 8002
2026-03-28 04:47:21,006 | grouping_service | INFO | Starting Grouping Service on port 8002
2026-03-28 04:47:29,309 | grouping_service | INFO | /group request received
2026-03-28 04:47:32,942 | grouping_service | INFO | /group request received
2026-03-28 04:47:33,228 | grouping_service | INFO | Grouping completed: 117 labels
2026-03-28 04:47:33,374 | grouping_service | INFO | Saved output image: result_0111eaa1-e3a6-4c80-9c59-cb6ac393dc02.jpg (request_id=0111eaa1-e3a6-4c80-9c59-cb6ac393dc02)
2026-03-28 04:47:35,990 | grouping_service | INFO | Grouping completed: 117 labels
2026-03-28 04:47:36,081 | grouping_service | INFO | Saved output image: result_d260297c-d09e-4a84-bf5c-345f91854900.jpg (request_id=d260297c-d09e-4a84-bf5c-345f91854900)
2026-03-28 04:50:05,673 | grouping_service | INFO | Starting Grouping Service on port 8002
2026-03-28 04:50:27,682 | grouping_service | INFO | /group request received
2026-03-28 04:50:30,106 | grouping_service | INFO | Grouping completed: 117 labels
2026-03-28 04:50:30,192 | grouping_service | INFO | Saved output image: result_49d1e80b-2fac-420a-a4b8-36fc5ca562f0.jpg (request_id=49d1e80b-2fac-420a-a4b8-36fc5ca562f0)
2026-03-28 05:05:37,272 | grouping_service | INFO | Starting Grouping Service on port 8002
2026-03-28 05:05:52,758 | grouping_service | INFO | Starting Grouping Service on port 8002
2026-03-28 05:05:56,908 | grouping_service | INFO | Starting Grouping Service on port 8002
2026-03-28 05:06:23,303 | grouping_service | INFO | /group request received
2026-03-28 05:06:23,391 | grouping_service | ERROR | Error in /group endpoint
Traceback (most recent call last):
  File "D:\infilect_test_project\retail-ai-pipeline-final draft\grouping_service\app.py", line 43, in group
    labels = group_products(crops)
             ^^^^^^^^^^^^^^^^^^^^^
TypeError: group_products() missing 2 required positional arguments: 'boxes' and 'image_shape'
2026-03-28 05:09:06,171 | grouping_service | INFO | Starting Grouping Service on port 8002
2026-03-28 05:09:22,190 | grouping_service | INFO | /group request received
2026-03-28 05:09:23,869 | grouping_service | INFO | Grouping completed: 117 labels
2026-03-28 05:09:23,910 | grouping_service | INFO | Saved output image: result_8b9f2da6-9fa6-4bbb-8e0e-10d2e321c3f9.jpg (request_id=8b9f2da6-9fa6-4bbb-8e0e-10d2e321c3f9)
2026-03-28 05:26:22,235 | grouping_service | INFO | Starting Grouping Service on port 8002
2026-03-28 05:26:33,061 | grouping_service | INFO | /group request received
2026-03-28 05:26:34,720 | grouping_service | INFO | Grouping completed: 117 labels
2026-03-28 05:26:34,761 | grouping_service | INFO | Saved output image: result_128b249d-6b82-4fae-8883-e31f71437a42.jpg (request_id=128b249d-6b82-4fae-8883-e31f71437a42)
2026-03-28 05:47:38,671 | grouping_service | INFO | Starting Grouping Service on port 8002
